data:
  args: []
  content:
  - data:
      args: []
      content:
      - data:
          args: []
          kwargs: {}
          subtype: null
          tags: []
          type: text
          value: 'A variable can contain Mau code: '
      - data:
          args: []
          content:
          - data:
              args: []
              kwargs: {}
              subtype: null
              tags: []
              type: text
              value: https://en.wikipedia.org/wiki/42_(number)
          kwargs: {}
          subtype: null
          tags: []
          target: https://en.wikipedia.org/wiki/42_(number)
          type: macro.link
      - data:
          args: []
          kwargs: {}
          subtype: null
          tags: []
          type: text
          value: .
      kwargs: {}
      subtype: null
      tags: []
      title: {}
      type: paragraph
  - data:
      args: []
      content:
      - data:
          args: []
          kwargs: {}
          subtype: null
          tags: []
          type: text
          value: 'Booleans:  and .'
      kwargs: {}
      subtype: null
      tags: []
      title: {}
      type: paragraph
  - data:
      args: []
      content:
      - data:
          args: []
          kwargs: {}
          subtype: null
          tags: []
          type: text
          value: 'Namespaces with a dotted syntax: 5 and 6.'
      kwargs: {}
      subtype: null
      tags: []
      title: {}
      type: paragraph
  kwargs: {}
  subtype: null
  tags: []
  type: document

