data:
  args: []
  content:
  - data:
      args: []
      content:
      - data:
          args: []
          kwargs: {}
          subtype: null
          tags: []
          type: text
          value: 'Links like there was no '
      - data:
          args: []
          content:
          - data:
              args: []
              kwargs: {}
              subtype: null
              tags: []
              type: text
              value: tomorrow
          kwargs: {}
          subtype: null
          tags: []
          target: https://www.thedigitalcatonline.com
          type: macro.link
      - data:
          args: []
          kwargs: {}
          subtype: null
          tags: []
          type: text
          value: .
      kwargs: {}
      subtype: null
      tags: []
      title: {}
      type: paragraph
  - data:
      args: []
      content:
      - data:
          args: []
          kwargs: {}
          subtype: null
          tags: []
          type: text
          value: 'Also without text: '
      - data:
          args: []
          content:
          - data:
              args: []
              kwargs: {}
              subtype: null
              tags: []
              type: text
              value: https://www.thedigitalcatonline.com
          kwargs: {}
          subtype: null
          tags: []
          target: https://www.thedigitalcatonline.com
          type: macro.link
      - data:
          args: []
          kwargs: {}
          subtype: null
          tags: []
          type: text
          value: .
      kwargs: {}
      subtype: null
      tags: []
      title: {}
      type: paragraph
  - data:
      args: []
      content:
      - data:
          args: []
          kwargs: {}
          subtype: null
          tags: []
          type: text
          value: 'Link text should be parsed '
      - data:
          args: []
          content:
          - data:
              args: []
              content:
              - data:
                  args: []
                  kwargs: {}
                  subtype: null
                  tags: []
                  type: text
                  value: tomorrow
              kwargs: {}
              subtype: null
              tags: []
              type: style
              value: star
          kwargs: {}
          subtype: null
          tags: []
          target: https://example.com
          type: macro.link
      - data:
          args: []
          kwargs: {}
          subtype: null
          tags: []
          type: text
          value: .
      kwargs: {}
      subtype: null
      tags: []
      title: {}
      type: paragraph
  kwargs: {}
  subtype: null
  tags: []
  type: document

