data:
  args: []
  content:
  - data:
      args: []
      content:
      - data:
          args: []
          kwargs: {}
          subtype: null
          tags: []
          type: text
          value: This is a paragraph split in two lines. The missing empty line makes
            the two line belong to the same paragraph.
      kwargs: {}
      subtype: null
      tags: []
      title: {}
      type: paragraph
  kwargs: {}
  subtype: null
  tags: []
  type: document

