data:
  args: []
  content:
  - data:
      args: []
      content:
      - data:
          args: []
          kwargs: {}
          subtype: null
          tags: []
          type: text
          value: 'You can use the macro '
      - data:
          args: []
          kwargs: {}
          subtype: null
          tags: []
          type: verbatim
          value: mailto
      - data:
          args: []
          kwargs: {}
          subtype: null
          tags: []
          type: text
          value: ' to format email links. If you need to know more write me at '
      - data:
          args: []
          content:
          - data:
              args: []
              kwargs: {}
              subtype: null
              tags: []
              type: text
              value: info@example.com
          kwargs: {}
          subtype: null
          tags: []
          target: mailto:info@example.com
          type: macro.link
      - data:
          args: []
          kwargs: {}
          subtype: null
          tags: []
          type: text
          value: .
      kwargs: {}
      subtype: null
      tags: []
      title: {}
      type: paragraph
  kwargs: {}
  subtype: null
  tags: []
  type: document

