data:
  args: []
  content:
  - data:
      args: []
      content:
      - data:
          args: []
          kwargs: {}
          subtype: null
          tags: []
          type: text
          value: 'This paragraph contains '
      - data:
          args: []
          content:
          - data:
              args: []
              kwargs: {}
              subtype: null
              tags: []
              type: text
              value: underscore
          kwargs: {}
          subtype: null
          tags: []
          type: style
          value: underscore
      - data:
          args: []
          kwargs: {}
          subtype: null
          tags: []
          type: text
          value: ' text.'
      kwargs: {}
      subtype: null
      tags: []
      title: {}
      type: paragraph
  - data:
      args: []
      content:
      - data:
          args: []
          kwargs: {}
          subtype: null
          tags: []
          type: text
          value: 'This paragraph contains '
      - data:
          args: []
          content:
          - data:
              args: []
              kwargs: {}
              subtype: null
              tags: []
              type: text
              value: star
          kwargs: {}
          subtype: null
          tags: []
          type: style
          value: star
      - data:
          args: []
          kwargs: {}
          subtype: null
          tags: []
          type: text
          value: ' text.'
      kwargs: {}
      subtype: null
      tags: []
      title: {}
      type: paragraph
  - data:
      args: []
      content:
      - data:
          args: []
          kwargs: {}
          subtype: null
          tags: []
          type: text
          value: 'This paragraph contains '
      - data:
          args: []
          content:
          - data:
              args: []
              kwargs: {}
              subtype: null
              tags: []
              type: text
              value: tilde
          kwargs: {}
          subtype: null
          tags: []
          type: style
          value: tilde
      - data:
          args: []
          kwargs: {}
          subtype: null
          tags: []
          type: text
          value: ' text.'
      kwargs: {}
      subtype: null
      tags: []
      title: {}
      type: paragraph
  - data:
      args: []
      content:
      - data:
          args: []
          kwargs: {}
          subtype: null
          tags: []
          type: text
          value: 'This paragraph contains '
      - data:
          args: []
          content:
          - data:
              args: []
              kwargs: {}
              subtype: null
              tags: []
              type: text
              value: caret
          kwargs: {}
          subtype: null
          tags: []
          type: style
          value: caret
      - data:
          args: []
          kwargs: {}
          subtype: null
          tags: []
          type: text
          value: ' text.'
      kwargs: {}
      subtype: null
      tags: []
      title: {}
      type: paragraph
  kwargs: {}
  subtype: null
  tags: []
  type: document

