data:
  args: []
  content:
  - data:
      args: []
      content:
      - data:
          args: []
          kwargs: {}
          subtype: null
          tags: []
          type: text
          value: 'The solution is '
      - data:
          args: []
          content:
          - data:
              args: []
              content:
              - data:
                  args: []
                  kwargs: {}
                  subtype: null
                  tags: []
                  type: text
                  value: This is the first solution.
              kwargs: {}
              subtype: null
              tags: []
              type: paragraph
          content_anchor: cnt-solution-1-ecff30ca
          content_type: solution
          kwargs: {}
          number: 1
          reference_anchor: ref-solution-1-ecff30ca
          subtype: null
          tags: []
          title: {}
          type: reference
      - data:
          args: []
          kwargs: {}
          subtype: null
          tags: []
          type: text
          value: .
      kwargs: {}
      subtype: null
      tags: []
      type: paragraph
  - data:
      args: []
      content:
      - data:
          args: []
          kwargs: {}
          subtype: null
          tags: []
          type: text
          value: 'The solution is '
      - data:
          args: []
          content:
          - data:
              args: []
              content:
              - data:
                  args: []
                  kwargs: {}
                  subtype: null
                  tags: []
                  type: text
                  value: This is the second solution.
              kwargs: {}
              subtype: null
              tags: []
              type: paragraph
          content_anchor: cnt-solution-2-0c1e4060
          content_type: solution
          kwargs: {}
          number: 2
          reference_anchor: ref-solution-2-0c1e4060
          subtype: null
          tags: []
          title: {}
          type: reference
      - data:
          args: []
          kwargs: {}
          subtype: null
          tags: []
          type: text
          value: .
      kwargs: {}
      subtype: null
      tags: []
      type: paragraph
  - data:
      args: []
      content_type: solution
      entries:
      - data:
          args: []
          content:
          - data:
              args: []
              content:
              - data:
                  args: []
                  kwargs: {}
                  subtype: null
                  tags: []
                  type: text
                  value: This is the first solution.
              kwargs: {}
              subtype: null
              tags: []
              type: paragraph
          content_anchor: cnt-solution-1-ecff30ca
          content_type: solution
          kwargs: {}
          number: 1
          reference_anchor: ref-solution-1-ecff30ca
          subtype: null
          tags: []
          title: {}
          type: references_entry
      - data:
          args: []
          content:
          - data:
              args: []
              content:
              - data:
                  args: []
                  kwargs: {}
                  subtype: null
                  tags: []
                  type: text
                  value: This is the second solution.
              kwargs: {}
              subtype: null
              tags: []
              type: paragraph
          content_anchor: cnt-solution-2-0c1e4060
          content_type: solution
          kwargs: {}
          number: 2
          reference_anchor: ref-solution-2-0c1e4060
          subtype: null
          tags: []
          title: {}
          type: references_entry
      kwargs: {}
      subtype: null
      tags: []
      type: references
  kwargs: {}
  subtype: null
  tags: []
  type: document

