data:
  args: []
  content:
  - data:
      args: []
      callouts: []
      classes: []
      code:
      - data:
          args: []
          kwargs: {}
          subtype: null
          tags: []
          type: raw
          value: This is all literal.
      - data:
          args: []
          kwargs: {}
          subtype: null
          tags: []
          type: raw
          value: ''
      - data:
          args: []
          kwargs: {}
          subtype: null
          tags: []
          type: raw
          value: == This is not a header
      - data:
          args: []
          kwargs: {}
          subtype: null
          tags: []
          type: raw
          value: ''
      - data:
          args: []
          kwargs: {}
          subtype: null
          tags: []
          type: raw
          value: '[These are not attributes]'
      - data:
          args: []
          kwargs: {}
          subtype: null
          tags: []
          type: raw
          value: ''
      - data:
          args: []
          kwargs: {}
          subtype: null
          tags: []
          type: raw
          value: Some quotes ""
      highlights: []
      kwargs: {}
      language: text
      lines: 7
      markers:
      - null
      - null
      - null
      - null
      - null
      - null
      - null
      preprocessor: null
      subtype: null
      tags: []
      title:
        data:
          args: []
          content:
          - data:
              args: []
              kwargs: {}
              subtype: null
              tags: []
              type: text
              value: Source code
          kwargs: {}
          subtype: null
          tags: []
          type: sentence
      type: source
  kwargs: {}
  subtype: null
  tags: []
  type: document

