data:
  args: []
  content:
  - data:
      args: []
      content:
      - data:
          args: []
          kwargs: {}
          subtype: null
          tags: []
          type: text
          value: The Answer to the Ultimate Question of Life, the Universe, and Everything
            is 42.
      kwargs: {}
      subtype: null
      tags: []
      title: {}
      type: paragraph
  - data:
      args: []
      content:
      - data:
          args: []
          kwargs: {}
          subtype: null
          tags: []
          type: text
          value: 'Interpolation can be blocked escaping the curly braces: {answer}.
            This happens automatically in verbatim: '
      - data:
          args: []
          kwargs: {}
          subtype: null
          tags: []
          type: verbatim
          value: '{answer}'
      - data:
          args: []
          kwargs: {}
          subtype: null
          tags: []
          type: text
          value: .
      kwargs: {}
      subtype: null
      tags: []
      title: {}
      type: paragraph
  kwargs: {}
  subtype: null
  tags: []
  type: document

