data:
  args: []
  content:
  - data:
      args: []
      classes: []
      content:
      - data:
          args: []
          content:
          - data:
              args: []
              kwargs: {}
              subtype: null
              tags: []
              type: text
              value: This is a block
          kwargs: {}
          subtype: null
          tags: []
          title: {}
          type: paragraph
      engine: null
      kwargs: {}
      preprocessor: none
      secondary_content: []
      subtype: null
      tags: []
      title:
        data:
          args: []
          content:
          - data:
              args: []
              kwargs: {}
              subtype: null
              tags: []
              type: text
              value: The title
          kwargs: {}
          subtype: null
          tags: []
          type: sentence
      type: block
  kwargs: {}
  subtype: null
  tags: []
  type: document

