data:
  args: []
  content: []
  kwargs: {}
  subtype: null
  tags: []
  type: document

