data:
  args: []
  content:
  - data:
      anchor: header-1-1aa5
      args: []
      kwargs: {}
      level: 1
      subtype: null
      tags: []
      type: header
      value:
        data:
          args: []
          content:
          - data:
              args: []
              kwargs: {}
              subtype: null
              tags: []
              type: text
              value: Header 1
          kwargs: {}
          subtype: null
          tags: []
          type: sentence
  - data:
      anchor: header-2-871b
      args: []
      kwargs: {}
      level: 2
      subtype: null
      tags: []
      type: header
      value:
        data:
          args: []
          content:
          - data:
              args: []
              kwargs: {}
              subtype: null
              tags: []
              type: text
              value: Header 2
          kwargs: {}
          subtype: null
          tags: []
          type: sentence
  - data:
      anchor: header-3-702d
      args: []
      kwargs: {}
      level: 3
      subtype: null
      tags: []
      type: header
      value:
        data:
          args: []
          content:
          - data:
              args: []
              kwargs: {}
              subtype: null
              tags: []
              type: text
              value: Header 3
          kwargs: {}
          subtype: null
          tags: []
          type: sentence
  kwargs: {}
  subtype: null
  tags: []
  type: document

